{
  "output_dir": "outputs\\iqvia_teva_case_20260919\\verification_20260920\\recomputed",
  "selected_classifier": "Random Forest",
  "selected_forecast": "Damped ETS",
  "top_2023": [
    {
      "INN": "ACIDUM ACETYLSALICYLICUM*",
      "sales_2023": 22352905.15
    },
    {
      "INN": "IBUPROFENUM",
      "sales_2023": 13415092.14
    },
    {
      "INN": "PARACETAMOLUM",
      "sales_2023": 12015424.03
    },
    {
      "INN": "DICLOFENACUM",
      "sales_2023": 11767579.209999999
    },
    {
      "INN": "BISOPROLOLUM",
      "sales_2023": 10102992.13
    }
  ],
  "top_forecast_growth": [
    {
      "INN": "PREGABALINUM",
      "forecast_growth_2024": 0.2286225832199833,
      "action_segment": "Emerging Opportunity"
    },
    {
      "INN": "ACETYLCYSTEINUM",
      "forecast_growth_2024": 0.16631087713601667,
      "action_segment": "Emerging Opportunity"
    },
    {
      "INN": "PARACETAMOLUM",
      "forecast_growth_2024": 0.1405100136063624,
      "action_segment": "Defend"
    },
    {
      "INN": "AZITHROMYCINUM",
      "forecast_growth_2024": 0.12418481470003173,
      "action_segment": "Market-led Growth"
    },
    {
      "INN": "IBUPROFENUM",
      "forecast_growth_2024": 0.09885654259367693,
      "action_segment": "Growth Leader"
    }
  ],
  "forecast_metrics": [
    {
      "model": "Seasonal Naive",
      "validation_WAPE": 0.4476017855254803,
      "validation_MAE": 230986.31591666667,
      "validation_RMSE": 375246.79314249405,
      "validation_MASE": 1.5709138022748053,
      "validation_Bias": 0.2704073372433157,
      "test_WAPE": 0.2272730274084981,
      "test_MAE": 115736.34166666666,
      "test_RMSE": 232504.23962871774,
      "test_MASE": 0.6612683573849608,
      "test_Bias": 0.013380605657939646
    },
    {
      "model": "Damped ETS",
      "validation_WAPE": 0.283506722259219,
      "validation_MAE": 146304.53995036343,
      "validation_RMSE": 272900.54745289224,
      "validation_MASE": 0.995001891048855,
      "validation_Bias": 0.0680306117756831,
      "test_WAPE": 0.2307381733065247,
      "test_MAE": 117500.92989850302,
      "test_RMSE": 156435.5084700149,
      "test_MASE": 0.6713504659493386,
      "test_Bias": -0.08406655510555135
    },
    {
      "model": "Global Ridge ARX",
      "validation_WAPE": 0.3762149313415673,
      "validation_MAE": 194146.9042207013,
      "validation_RMSE": 301141.70081915474,
      "validation_MASE": 1.3203728121247467,
      "validation_Bias": 0.025399838480978047,
      "test_WAPE": 0.25947592806906095,
      "test_MAE": 132135.32202965394,
      "test_RMSE": 271726.85973314784,
      "test_MASE": 0.7549651742296913,
      "test_Bias": -0.2003053804265807
    },
    {
      "model": "Global Boosted Trees",
      "validation_WAPE": 0.38981557801611605,
      "validation_MAE": 201165.56091741248,
      "validation_RMSE": 319223.3529127224,
      "validation_MASE": 1.3681059630455565,
      "validation_Bias": 0.15255713280386984,
      "test_WAPE": 0.1954580110605532,
      "test_MAE": 99534.88721268927,
      "test_RMSE": 212124.82947879014,
      "test_MASE": 0.5687001197877766,
      "test_Bias": -0.07684480843118661
    },
    {
      "model": "Validation-weighted Ensemble",
      "validation_WAPE": 0.30056272024058217,
      "validation_MAE": 155106.3416084422,
      "validation_RMSE": 254266.91817640982,
      "validation_MASE": 1.0548620245580171,
      "validation_Bias": 0.11861508422773455,
      "test_WAPE": 0.16339614129064342,
      "test_MAE": 83207.72531198192,
      "test_RMSE": 134096.20383570195,
      "test_MASE": 0.47541364316892376,
      "test_Bias": -0.09068788198620968
    }
  ],
  "classification_metrics": [
    {
      "model": "Logistic L2",
      "parameters": "{\"lambda\": 1.0}",
      "validation_roc_auc": 0.9062962962962963,
      "validation_pr_auc": 0.7052962138443568,
      "validation_precision": 0.7407407407407407,
      "validation_recall": 0.6666666666666666,
      "validation_precision_top20": 0.75,
      "validation_lift_top20": 3.0,
      "validation_winner_rate": 0.25,
      "test_roc_auc": 0.8671296296296296,
      "test_pr_auc": 0.695394435700004,
      "test_precision": 0.8214285714285714,
      "test_recall": 0.38333333333333336,
      "test_precision_top20": 0.6875,
      "test_lift_top20": 2.75,
      "test_winner_rate": 0.25
    },
    {
      "model": "Elastic Net",
      "parameters": "{\"lambda\": 0.1, \"alpha\": 0.5}",
      "validation_roc_auc": 0.912962962962963,
      "validation_pr_auc": 0.7426057503429992,
      "validation_precision": 0.7272727272727273,
      "validation_recall": 0.26666666666666666,
      "validation_precision_top20": 0.75,
      "validation_lift_top20": 3.0,
      "validation_winner_rate": 0.25,
      "test_roc_auc": 0.7728703703703703,
      "test_pr_auc": 0.6157739046654951,
      "test_precision": 0.8,
      "test_recall": 0.13333333333333333,
      "test_precision_top20": 0.6458333333333334,
      "test_lift_top20": 2.5833333333333335,
      "test_winner_rate": 0.25
    },
    {
      "model": "Random Forest",
      "parameters": "{\"trees\": 100, \"depth\": 3, \"min_leaf\": 20}",
      "validation_roc_auc": 0.8866666666666667,
      "validation_pr_auc": 0.743960880592153,
      "validation_precision": 0.7222222222222222,
      "validation_recall": 0.43333333333333335,
      "validation_precision_top20": 0.75,
      "validation_lift_top20": 3.0,
      "validation_winner_rate": 0.25,
      "test_roc_auc": 0.7521296296296296,
      "test_pr_auc": 0.6133966334197235,
      "test_precision": 0.782608695652174,
      "test_recall": 0.3,
      "test_precision_top20": 0.5833333333333334,
      "test_lift_top20": 2.3333333333333335,
      "test_winner_rate": 0.25
    },
    {
      "model": "Boosted Trees",
      "parameters": "{\"trees\": 100, \"depth\": 1, \"learning_rate\": 0.1}",
      "validation_roc_auc": 0.915,
      "validation_pr_auc": 0.7656453795430989,
      "validation_precision": 0.6842105263157895,
      "validation_recall": 0.43333333333333335,
      "validation_precision_top20": 0.7083333333333334,
      "validation_lift_top20": 2.8333333333333335,
      "validation_winner_rate": 0.25,
      "test_roc_auc": 0.7959259259259259,
      "test_pr_auc": 0.6423500955785589,
      "test_precision": 0.8,
      "test_recall": 0.3333333333333333,
      "test_precision_top20": 0.6041666666666666,
      "test_lift_top20": 2.4166666666666665,
      "test_winner_rate": 0.25
    }
  ]
}
